\BOOKMARK [0][-]{chapter*.1}{\376\377\000L\036\335\000i\000\040\000c\000a\000m\000\040\001\021\000o\000a\000n}{}% 1
\BOOKMARK [0][-]{chapter*.2}{\376\377\000L\036\335\000i\000\040\000c\036\243\000m\000\040\001\241\000n}{}% 2
\BOOKMARK [0][-]{chapter*.3}{\376\377\000C\000o\000n\000t\000e\000n\000t\000s}{}% 3
\BOOKMARK [0][-]{chapter*.4}{\376\377\000L\000i\000s\000t\000\040\000o\000f\000\040\000F\000i\000g\000u\000r\000e\000s}{}% 4
\BOOKMARK [0][-]{chapter*.4}{\376\377\000D\000a\000n\000h\000\040\000m\036\345\000c\000\040\000h\000\354\000n\000h\000\040\036\243\000n\000h}{}% 5
\BOOKMARK [0][-]{chapter*.5}{\376\377\000L\000i\000s\000t\000\040\000o\000f\000\040\000T\000a\000b\000l\000e\000s}{}% 6
\BOOKMARK [0][-]{chapter*.5}{\376\377\000D\000a\000n\000h\000\040\000m\036\345\000c\000\040\000b\036\243\000n\000g}{}% 7
\BOOKMARK [0][-]{chapter*.6}{\376\377\000D\000a\000n\000h\000\040\000m\036\345\000c\000\040\000t\036\353\000\040\000v\000i\036\277\000t\000\040\000t\036\257\000t}{}% 8
\BOOKMARK [0][-]{chapter.1}{\376\377\000G\000i\036\333\000i\000\040\000t\000h\000i\036\307\000u\000\040\001\021\036\301\000\040\000t\000\340\000i}{}% 9
\BOOKMARK [1][-]{section.1.1}{\376\377\001\020\036\267\000t\000\040\000v\036\245\000n\000\040\001\021\036\301}{chapter.1}% 10
\BOOKMARK [1][-]{section.1.2}{\376\377\000L\000\375\000\040\000d\000o\000\040\000c\000h\036\315\000n\000\040\001\021\036\301\000\040\000t\000\340\000i}{chapter.1}% 11
\BOOKMARK [1][-]{section.1.3}{\376\377\000M\036\345\000c\000\040\000t\000i\000\352\000u\000\040\001\021\036\301\000\040\000t\000\340\000i}{chapter.1}% 12
\BOOKMARK [1][-]{section.1.4}{\376\377\001\020\036\321\000i\000\040\000t\001\260\036\343\000n\000g\000\040\000v\000\340\000\040\000p\000h\036\241\000m\000\040\000v\000i\000\040\000n\000g\000h\000i\000\352\000n\000\040\000c\036\351\000u}{chapter.1}% 13
\BOOKMARK [2][-]{subsection.1.4.1}{\376\377\001\020\036\321\000i\000\040\000t\001\260\036\343\000n\000g\000\040\000n\000g\000h\000i\000\352\000n\000\040\000c\036\351\000u}{section.1.4}% 14
\BOOKMARK [2][-]{subsection.1.4.2}{\376\377\000P\000h\036\241\000m\000\040\000v\000i\000\040\000n\000g\000h\000i\000\352\000n\000\040\000c\036\351\000u}{section.1.4}% 15
\BOOKMARK [1][-]{section.1.5}{\376\377\000C\036\245\000u\000\040\000t\000r\000\372\000c\000\040\000b\000\341\000o\000\040\000c\000\341\000o}{chapter.1}% 16
\BOOKMARK [0][-]{chapter.2}{\376\377\000P\000h\000\342\000n\000\040\000t\000\355\000c\000h\000\040\000y\000\352\000u\000\040\000c\036\247\000u\000\040\000h\036\307\000\040\000t\000h\036\321\000n\000g}{}% 17
\BOOKMARK [1][-]{section.2.1}{\376\377\000G\000i\036\333\000i\000\040\000t\000h\000i\036\307\000u\000\040\000c\000h\001\260\001\241\000n\000g}{chapter.2}% 18
\BOOKMARK [1][-]{section.2.2}{\376\377\000M\000\364\000\040\000t\036\243\000\040\000b\000\340\000i\000\040\000t\000o\000\341\000n}{chapter.2}% 19
\BOOKMARK [2][-]{subsection.2.2.1}{\376\377\000B\036\321\000i\000\040\000c\036\243\000n\000h}{section.2.2}% 20
\BOOKMARK [2][-]{subsection.2.2.2}{\376\377\000T\000h\036\361\000c\000\040\000t\000r\036\241\000n\000g}{section.2.2}% 21
\BOOKMARK [2][-]{subsection.2.2.3}{\376\377\000G\000i\036\243\000i\000\040\000p\000h\000\341\000p\000\040\001\021\036\301\000\040\000x\000u\036\245\000t}{section.2.2}% 22
\BOOKMARK [1][-]{section.2.3}{\376\377\000X\000\341\000c\000\040\001\021\036\313\000n\000h\000\040\000t\000\341\000c\000\040\000n\000h\000\342\000n\000\040\000h\036\307\000\040\000t\000h\036\321\000n\000g}{chapter.2}% 23
\BOOKMARK [2][-]{subsection.2.3.1}{\376\377\000D\000o\000a\000n\000h\000\040\000n\000g\000h\000i\036\307\000p\000\040\000\050\000E\000n\000t\000e\000r\000p\000r\000i\000s\000e\000\051}{section.2.3}% 24
\BOOKMARK [2][-]{subsection.2.3.2}{\376\377\000C\000h\000u\000y\000\352\000n\000\040\000g\000i\000a\000\040\000A\000I\000\040\000\050\000E\000x\000p\000e\000r\000t\000\051}{section.2.3}% 25
\BOOKMARK [2][-]{subsection.2.3.3}{\376\377\000Q\000u\036\243\000n\000\040\000t\000r\036\313\000\040\000v\000i\000\352\000n\000\040\000\050\000A\000d\000m\000i\000n\000\051}{section.2.3}% 26
\BOOKMARK [1][-]{section.2.4}{\376\377\000D\000a\000n\000h\000\040\000s\000\341\000c\000h\000\040\000U\000s\000e\000\040\000C\000a\000s\000e}{chapter.2}% 27
\BOOKMARK [1][-]{section.2.5}{\376\377\000B\000i\036\303\000u\000\040\001\021\036\323\000\040\000U\000s\000e\000\040\000C\000a\000s\000e}{chapter.2}% 28
\BOOKMARK [1][-]{section.2.6}{\376\377\000B\000i\036\303\000u\000\040\001\021\036\323\000\040\000A\000c\000t\000i\000v\000i\000t\000y}{chapter.2}% 29
\BOOKMARK [2][-]{subsection.2.6.1}{\376\377\000A\000c\000t\000i\000v\000i\000t\000y\000\040\000D\000i\000a\000g\000r\000a\000m\000\040\000c\000h\036\351\000c\000\040\000n\001\003\000n\000g\000\040\001\021\001\003\000n\000g\000\040\000d\036\361\000\040\000\341\000n}{section.2.6}% 30
\BOOKMARK [2][-]{subsection.2.6.2}{\376\377\000A\000c\000t\000i\000v\000i\000t\000y\000\040\000D\000i\000a\000g\000r\000a\000m\000\040\000c\000h\036\351\000c\000\040\000n\001\003\000n\000g\000\040\000M\000a\000t\000c\000h\000i\000n\000g\000\040\000c\000h\000u\000y\000\352\000n\000\040\000g\000i\000a}{section.2.6}% 31
\BOOKMARK [1][-]{section.2.7}{\376\377\000B\000i\036\303\000u\000\040\001\021\036\323\000\040\000S\000e\000q\000u\000e\000n\000c\000e}{chapter.2}% 32
\BOOKMARK [2][-]{subsection.2.7.1}{\376\377\000S\000e\000q\000u\000e\000n\000c\000e\000\040\000D\000i\000a\000g\000r\000a\000m\000\040\000c\000h\036\351\000c\000\040\000n\001\003\000n\000g\000\040\001\021\001\003\000n\000g\000\040\000d\036\361\000\040\000\341\000n}{section.2.7}% 33
\BOOKMARK [2][-]{subsection.2.7.2}{\376\377\000S\000e\000q\000u\000e\000n\000c\000e\000\040\000D\000i\000a\000g\000r\000a\000m\000\040\000c\000h\036\351\000c\000\040\000n\001\003\000n\000g\000\040\036\351\000n\000g\000\040\000t\000u\000y\036\303\000n\000\040\000d\036\361\000\040\000\341\000n\000\040\000\050\000G\036\355\000i\000\040\000b\000\341\000o\000\040\000g\000i\000\341\000\051}{section.2.7}% 34
\BOOKMARK [2][-]{subsection.2.7.3}{\376\377\000S\000e\000q\000u\000e\000n\000c\000e\000\040\000D\000i\000a\000g\000r\000a\000m\000\040\000c\000h\036\351\000c\000\040\000n\001\003\000n\000g\000\040\000t\000h\000u\000\352\000\040\000c\000h\000u\000y\000\352\000n\000\040\000g\000i\000a}{section.2.7}% 35
\BOOKMARK [1][-]{section.2.8}{\376\377\000B\000i\036\303\000u\000\040\001\021\036\323\000\040\000l\036\333\000p\000\040\000\050\000C\000l\000a\000s\000s\000\040\000D\000i\000a\000g\000r\000a\000m\000\051}{chapter.2}% 36
\BOOKMARK [1][-]{section.2.9}{\376\377\000Y\000\352\000u\000\040\000c\036\247\000u\000\040\000p\000h\000i\000\040\000c\000h\036\351\000c\000\040\000n\001\003\000n\000g}{chapter.2}% 37
\BOOKMARK [2][-]{subsection.2.9.1}{\376\377\000H\000i\036\307\000u\000\040\000n\001\003\000n\000g}{section.2.9}% 38
\BOOKMARK [2][-]{subsection.2.9.2}{\376\377\000B\036\243\000o\000\040\000m\036\255\000t}{section.2.9}% 39
\BOOKMARK [2][-]{subsection.2.9.3}{\376\377\000K\000h\036\243\000\040\000n\001\003\000n\000g\000\040\000m\036\337\000\040\000r\036\331\000n\000g}{section.2.9}% 40
\BOOKMARK [2][-]{subsection.2.9.4}{\376\377\000T\000\355\000n\000h\000\040\000s\036\265\000n\000\040\000s\000\340\000n\000g}{section.2.9}% 41
\BOOKMARK [2][-]{subsection.2.9.5}{\376\377\000K\000h\036\243\000\040\000n\001\003\000n\000g\000\040\000s\036\355\000\040\000d\036\345\000n\000g}{section.2.9}% 42
\BOOKMARK [1][-]{section.2.10}{\376\377\000K\036\277\000t\000\040\000l\000u\036\255\000n\000\040\000c\000h\001\260\001\241\000n\000g}{chapter.2}% 43
\BOOKMARK [0][-]{chapter.3}{\376\377\000T\000h\000i\036\277\000t\000\040\000k\036\277\000\040\000h\036\307\000\040\000t\000h\036\321\000n\000g}{}% 44
\BOOKMARK [1][-]{section.3.1}{\376\377\000K\000i\036\277\000n\000\040\000t\000r\000\372\000c\000\040\000t\036\325\000n\000g\000\040\000t\000h\036\303}{chapter.3}% 45
\BOOKMARK [1][-]{section.3.2}{\376\377\000T\000h\000i\036\277\000t\000\040\000k\036\277\000\040\000c\001\241\000\040\000s\036\337\000\040\000d\036\357\000\040\000l\000i\036\307\000u}{chapter.3}% 46
\BOOKMARK [2][-]{subsection.3.2.1}{\376\377\000C\000\341\000c\000\040\000t\000h\036\361\000c\000\040\000t\000h\036\303\000\040\000c\000h\000\355\000n\000h}{section.3.2}% 47
\BOOKMARK [2][-]{subsection.3.2.2}{\376\377\000T\000h\000u\036\255\000t\000\040\000t\000o\000\341\000n\000\040\000M\000a\000t\000c\000h\000i\000n\000g}{section.3.2}% 48
\BOOKMARK [1][-]{section.3.3}{\376\377\000T\000h\000i\036\277\000t\000\040\000k\036\277\000\040\000A\000P\000I}{chapter.3}% 49
\BOOKMARK [1][-]{section.3.4}{\376\377\000T\000h\000i\036\277\000t\000\040\000k\036\277\000\040\000g\000i\000a\000o\000\040\000d\000i\036\307\000n}{chapter.3}% 50
\BOOKMARK [0][-]{chapter.4}{\376\377\000C\000\340\000i\000\040\001\021\036\267\000t\000\040\000h\036\307\000\040\000t\000h\036\321\000n\000g}{}% 51
\BOOKMARK [1][-]{section.4.1}{\376\377\000M\000\364\000i\000\040\000t\000r\001\260\036\335\000n\000g\000\040\000p\000h\000\341\000t\000\040\000t\000r\000i\036\303\000n}{chapter.4}% 52
\BOOKMARK [1][-]{section.4.2}{\376\377\000C\036\245\000u\000\040\000t\000r\000\372\000c\000\040\000t\000h\001\260\000\040\000m\036\345\000c\000\040\000d\036\361\000\040\000\341\000n}{chapter.4}% 53
\BOOKMARK [1][-]{section.4.3}{\376\377\000C\000\340\000i\000\040\001\021\036\267\000t\000\040\000m\000o\000d\000u\000l\000e\000\040\000M\000a\000t\000c\000h\000i\000n\000g}{chapter.4}% 54
\BOOKMARK [1][-]{section.4.4}{\376\377\000K\036\277\000t\000\040\000q\000u\036\243\000\040\000c\000\340\000i\000\040\001\021\036\267\000t}{chapter.4}% 55
\BOOKMARK [0][-]{chapter.5}{\376\377\000K\000i\036\303\000m\000\040\000t\000h\036\355\000\040\000h\036\307\000\040\000t\000h\036\321\000n\000g}{}% 56
\BOOKMARK [1][-]{section.5.1}{\376\377\000K\036\277\000\040\000h\000o\036\241\000c\000h\000\040\000k\000i\036\303\000m\000\040\000t\000h\036\355}{chapter.5}% 57
\BOOKMARK [1][-]{section.5.2}{\376\377\000T\000e\000s\000t\000\040\000c\000a\000s\000e\000s\000\040\000c\000h\036\351\000c\000\040\000n\001\003\000n\000g\000\040\000c\000h\000\355\000n\000h}{chapter.5}% 58
\BOOKMARK [1][-]{section.5.3}{\376\377\000K\036\277\000t\000\040\000q\000u\036\243\000\040\000k\000i\036\303\000m\000\040\000t\000h\036\355}{chapter.5}% 59
\BOOKMARK [0][-]{chapter.6}{\376\377\000K\036\277\000t\000\040\000l\000u\036\255\000n}{}% 60
\BOOKMARK [1][-]{section.6.1}{\376\377\000K\036\277\000t\000\040\000q\000u\036\243\000\040\001\021\036\241\000t\000\040\001\021\001\260\036\343\000c}{chapter.6}% 61
\BOOKMARK [1][-]{section.6.2}{\376\377\000H\036\241\000n\000\040\000c\000h\036\277}{chapter.6}% 62
\BOOKMARK [1][-]{section.6.3}{\376\377\000H\001\260\036\333\000n\000g\000\040\000p\000h\000\341\000t\000\040\000t\000r\000i\036\303\000n}{chapter.6}% 63
\BOOKMARK [0][-]{appendix.A}{\376\377\000H\001\260\036\333\000n\000g\000\040\000d\036\253\000n\000\040\000c\000\340\000i\000\040\001\021\036\267\000t\000\040\000v\000\340\000\040\000c\000h\036\241\000y\000\040\000d\036\361\000\040\000\341\000n}{}% 64
\BOOKMARK [1][-]{section.A.1}{\376\377\000Y\000\352\000u\000\040\000c\036\247\000u\000\040\000h\036\307\000\040\000t\000h\036\321\000n\000g}{appendix.A}% 65
\BOOKMARK [1][-]{section.A.2}{\376\377\000C\000\341\000c\000\040\000b\001\260\036\333\000c\000\040\000c\000\340\000i\000\040\001\021\036\267\000t}{appendix.A}% 66
\BOOKMARK [1][-]{section.A.3}{\376\377\000T\000\340\000i\000\040\000k\000h\000o\036\243\000n\000\040\000d\000e\000m\000o}{appendix.A}% 67
